// Jest Snapshot v1, https://goo.gl/fbAQLP

exports[`Nav component matches snapshot Dom node structure 1`] = `[Function]`;
